
```plaintext
[2024-10-03T11:59:04.971+0000][7][gc,start    ] GC(46) Pause Young (Normal) (G1 Evacuation Pause)
[2024-10-03T11:59:04.971+0000][7][gc,task     ] GC(46) Using 4 workers of 4 for evacuation
[2024-10-03T11:59:04.971+0000][7][gc,age      ] GC(46) Desired survivor size 18874368 bytes, new threshold 15 (max threshold 15)
[2024-10-03T11:59:04.978+0000][7][gc,phases   ] GC(46)   Pre Evacuate Collection Set: 0.3ms
[2024-10-03T11:59:04.978+0000][7][gc,phases   ] GC(46)   Merge Heap Roots: 0.4ms
[2024-10-03T11:59:04.978+0000][7][gc,phases   ] GC(46)   Evacuate Collection Set: 3.0ms
[2024-10-03T11:59:04.978+0000][7][gc,phases   ] GC(46)   Post Evacuate Collection Set: 2.8ms
[2024-10-03T11:59:04.978+0000][7][gc,phases   ] GC(46)   Other: 0.6ms
[2024-10-03T11:59:04.978+0000][7][gc,age      ] GC(46) Age table with threshold 15 (max threshold 15)
[2024-10-03T11:59:04.978+0000][7][gc,age      ] GC(46) - age   1:    1329128 bytes,    1329128 total
[2024-10-03T11:59:04.978+0000][7][gc,age      ] GC(46) - age   2:       4136 bytes,    1333264 total
[2024-10-03T11:59:04.978+0000][7][gc,age      ] GC(46) - age   3:       4368 bytes,    1337632 total
[2024-10-03T11:59:04.978+0000][7][gc,age      ] GC(46) - age   4:       5320 bytes,    1342952 total
[2024-10-03T11:59:04.978+0000][7][gc,age      ] GC(46) - age   5:       5488 bytes,    1348440 total
[2024-10-03T11:59:04.978+0000][7][gc,age      ] GC(46) - age   6:       3160 bytes,    1351600 total
[2024-10-03T11:59:04.978+0000][7][gc,age      ] GC(46) - age   7:      12192 bytes,    1363792 total
[2024-10-03T11:59:04.978+0000][7][gc,age      ] GC(46) - age   8:      11048 bytes,    1374840 total
[2024-10-03T11:59:04.978+0000][7][gc,age      ] GC(46) - age   9:       4744 bytes,    1379584 total
[2024-10-03T11:59:04.978+0000][7][gc,age      ] GC(46) - age  10:      28960 bytes,    1408544 total
[2024-10-03T11:59:04.978+0000][7][gc,age      ] GC(46) - age  11:     108288 bytes,    1516832 total
[2024-10-03T11:59:04.978+0000][7][gc,age      ] GC(46) - age  12:       3896 bytes,    1520728 total
[2024-10-03T11:59:04.978+0000][7][gc,age      ] GC(46) - age  13:      11296 bytes,    1532024 total
[2024-10-03T11:59:04.978+0000][7][gc,age      ] GC(46) - age  14:       7968 bytes,    1539992 total
[2024-10-03T11:59:04.978+0000][7][gc,age      ] GC(46) - age  15:     293472 bytes,    1833464 total
[2024-10-03T11:59:04.978+0000][7][gc,heap     ] GC(46) Eden regions: 70->0(70)
[2024-10-03T11:59:04.978+0000][7][gc,heap     ] GC(46) Survivor regions: 1->1(9)
[2024-10-03T11:59:04.978+0000][7][gc,heap     ] GC(46) Old regions: 31->31
[2024-10-03T11:59:04.978+0000][7][gc,heap     ] GC(46) Archive regions: 2->2
[2024-10-03T11:59:04.978+0000][7][gc,heap     ] GC(46) Humongous regions: 2->2
[2024-10-03T11:59:04.978+0000][7][gc,metaspace] GC(46) Metaspace: 121720K(124800K)->121720K(124800K) NonClass: 105723K(107328K)->105723K(107328K) Class: 15996K(17472K)->15996K(17472K)
[2024-10-03T11:59:04.978+0000][7][gc          ] GC(46) Pause Young (Normal) (G1 Evacuation Pause) 417M->137M(512M) 7.744ms
[2024-10-03T11:59:04.978+0000][7][gc,cpu      ] GC(46) User=0.01s Sys=0.01s Real=0.01s
[2024-10-03T11:59:04.978+0000][7][safepoint   ] Safepoint "G1CollectForAllocation", Time since last: 8808638940 ns, Reaching safepoint: 610925 ns, At safepoint: 7947738 ns, Total: 8558663 ns
[2024-10-03T11:59:23.087+0000][7][safepoint   ] Safepoint "Cleanup", Time since last: 18107328012 ns, Reaching safepoint: 1570956 ns, At safepoint: 12914 ns, Total: 1583870 ns
[2024-10-03T11:59:30.099+0000][7][safepoint   ] Safepoint "Cleanup", Time since last: 7010855389 ns, Reaching safepoint: 693541 ns, At safepoint: 14898 ns, Total: 708439 ns
```

这个日志是 **G1 垃圾收集器（Garbage First GC）** 的 GC 日志，它详细记录了 JVM 的垃圾回收过程。G1 GC 是 Java 9 及以后版本默认的垃圾收集器，特别适用于大内存应用场景。下面是对日志的逐步分析：

### 1. **GC 触发原因**
```plaintext
[2024-10-03T11:59:04.971+0000][7][gc,start    ] GC(46) Pause Young (Normal) (G1 Evacuation Pause)
```
这表示触发了一次 **Young GC**，即**新生代（Eden）区域**的垃圾回收。这种 GC 是因为年轻代中的对象占用内存达到阈值，触发了所谓的**G1 Evacuation Pause**，也就是将存活的对象从 Eden 区迁移到 Survivor 区或老年代。

### 2. **使用的工作线程数量**
```plaintext
[2024-10-03T11:59:04.971+0000][7][gc,task     ] GC(46) Using 4 workers of 4 for evacuation
```
这里表示 G1 GC 使用了 4 个线程（workers）来进行垃圾收集（Evacuation）的任务。G1 会并行处理垃圾收集任务，线程数量可以根据 CPU 核心数和 JVM 参数进行配置。

### 3. **Survivor 区大小及晋升阈值**
```plaintext
[2024-10-03T11:59:04.971+0000][7][gc,age      ] GC(46) Desired survivor size 18874368 bytes, new threshold 15 (max threshold 15)
```
这表示 Survivor 区的目标大小为 **18874368 字节（18 MB）**，并且对象晋升到老年代的年龄阈值为 **15**。也就是说，对象在 Survivor 区经历 15 次垃圾回收后，如果仍然存活，则会晋升到老年代。

### 4. **GC 阶段时间**
```plaintext
[2024-10-03T11:59:04.978+0000][7][gc,phases   ] GC(46)   Pre Evacuate Collection Set: 0.3ms
[2024-10-03T11:59:04.978+0000][7][gc,phases   ] GC(46)   Merge Heap Roots: 0.4ms
[2024-10-03T11:59:04.978+0000][7][gc,phases   ] GC(46)   Evacuate Collection Set: 3.0ms
[2024-10-03T11:59:04.978+0000][7][gc,phases   ] GC(46)   Post Evacuate Collection Set: 2.8ms
[2024-10-03T11:59:04.978+0000][7][gc,phases   ] GC(46)   Other: 0.6ms
```
这是垃圾收集各个阶段所花费的时间：
- **Pre Evacuate Collection Set**: 准备阶段，耗时 0.3 毫秒。
- **Merge Heap Roots**: 合并堆的根节点，耗时 0.4 毫秒。
- **Evacuate Collection Set**: 实际对象迁移阶段，耗时 3 毫秒。
- **Post Evacuate Collection Set**: 垃圾收集结束后的整理阶段，耗时 2.8 毫秒。

总的来说，这次 GC 在这些阶段的时间非常短，都是在毫秒级别，表明系统响应较快。

### 5. **对象年龄分布**
```plaintext
[2024-10-03T11:59:04.978+0000][7][gc,age      ] GC(46) - age   1:    1329128 bytes,    1329128 total
[2024-10-03T11:59:04.978+0000][7][gc,age      ] GC(46) - age   2:       4136 bytes,    1333264 total
...
[2024-10-03T11:59:04.978+0000][7][gc,age      ] GC(46) - age  15:     293472 bytes,    1833464 total
```
这些是对象的年龄分布信息，表示每个年龄段（经历过几次 GC 的对象）所占的空间大小。
- **Age 1** 的对象占用约 **1.32 MB**，是最新的存活对象。
- **Age 15** 的对象占用 **293 KB**，即已晋升到第 15 阶段的对象。

### 6. **堆空间变化**
```plaintext
[2024-10-03T11:59:04.978+0000][7][gc,heap     ] GC(46) Eden regions: 70->0(70)
[2024-10-03T11:59:04.978+0000][7][gc,heap     ] GC(46) Survivor regions: 1->1(9)
[2024-10-03T11:59:04.978+0000][7][gc,heap     ] GC(46) Old regions: 31->31
[2024-10-03T11:59:04.978+0000][7][gc,heap     ] GC(46) Humongous regions: 2->2
```
这里显示了垃圾收集后堆内存中各区域的状态：
- **Eden 区** 从 70 个 Region 清空为 0 个 Region，表示 Eden 区中的对象全部被清理或晋升。
- **Survivor 区** 保持 1 个 Region（共 9 个 Region 的容量）。
- **Old 区** 维持 31 个 Region，表示没有太多对象晋升到老年代。
- **Humongous 区** 保持 2 个 Region，表示没有大的对象被清理。

### 7. **元空间（Metaspace）**
```plaintext
[2024-10-03T11:59:04.978+0000][7][gc,metaspace] GC(46) Metaspace: 121720K(124800K)->121720K(124800K) NonClass: 105723K(107328K)->105723K(107328K) Class: 15996K(17472K)->15996K(17472K)
```
元空间（Metaspace）用于存储类的元数据，GC 并不会对其进行垃圾回收，除非必要。这里显示元空间的使用情况几乎没有变化，仍保持在 **121MB** 左右。

### 8. **GC 执行总时间**
```plaintext
[2024-10-03T11:59:04.978+0000][7][gc          ] GC(46) Pause Young (Normal) (G1 Evacuation Pause) 417M->137M(512M) 7.744ms
```
这行显示了整个 GC 的执行时间：
- **Pause Young** 表示这次是一次 **Young GC**，清理了新生代区域。
- **417M->137M** 表示内存从 417MB 减少到 137MB，表明大部分对象被清理。
- **7.744ms** 表示整个 GC 停顿了 **7.744 毫秒**，相对较短，属于正常范围。

### 9. **CPU 使用情况**
```plaintext
[2024-10-03T11:59:04.978+0000][7][gc,cpu      ] GC(46) User=0.01s Sys=0.01s Real=0.01s
```
这是这次 GC 使用的 CPU 时间：
- **User=0.01s**：用户态 CPU 时间为 0.01 秒。
- **Sys=0.01s**：内核态 CPU 时间为 0.01 秒。
- **Real=0.01s**：真实时间（墙上时钟时间）为 0.01 秒。

CPU 使用情况正常，GC 完成时间很快。

### 总结
这段 GC 日志显示了 G1 垃圾回收器的一次 **年轻代回收（Young GC）**，整个过程耗时非常短（仅 **7.744 毫秒**），堆内存从 **417MB** 减少到 **137MB**。GC 日志还提供了详细的阶段时间、对象年龄分布和元空间状态等信息。

- **G1 GC** 通过并行任务处理，最大限度减少了垃圾回收对应用的暂停时间。
- 这种日志可以帮助监控和分析 JVM 的垃圾回收行为，确保 GC 不会成为性能瓶颈。

如果你想更深入了解或优化 GC，可以继续监控这些日志，分析停顿时间是否达到预期，并考虑调整 JVM 的 GC 参数。